64.242.88.10 - - [07/Mar/2004:16:05:49 -0800] "GET /twiki/bin/edit/Main/Double_bounce_sender?topicparent=Main.ConfigurationVariables HTTP/1.1" 401 12846
10.0.0.153 - - [11/Mar/2004:11:49:51 -0800] "GET / HTTP/1.1" 304 -
1-729.cnc.bc.ca - - [11/Mar/2004:11:54:59 -0800] "GET / HTTP/1.1" 200 3169